Flow report for 2DWPU
Fri Oct 19 16:23:18 2012
Quartus II 32-bit Version 11.1 Build 259 01/25/2012 Service Pack 2 SJ Web Edition


---------------------
; Table of Contents ;
---------------------
  1. Legal Notice
  2. Flow Summary
  3. Flow Settings
  4. Flow Non-Default Global Settings
  5. Flow Elapsed Time
  6. Flow OS Summary
  7. Flow Log



----------------
; Legal Notice ;
----------------
Copyright (C) 1991-2011 Altera Corporation
Your use of Altera Corporation's design tools, logic functions 
and other software and tools, and its AMPP partner logic 
functions, and any output files from any of the foregoing 
(including device programming or simulation files), and any 
associated documentation or information are expressly subject 
to the terms and conditions of the Altera Program License 
Subscription Agreement, Altera MegaCore Function License 
Agreement, or other applicable license agreement, including, 
without limitation, that your use is for the sole purpose of 
programming logic devices manufactured by Altera and sold by 
Altera or its authorized distributors.  Please refer to the 
applicable agreement for further details.



+------------------------------------------------------------------------------------+
; Flow Summary                                                                       ;
+------------------------------------+-----------------------------------------------+
; Flow Status                        ; Successful - Fri Oct 19 16:23:14 2012         ;
; Quartus II 32-bit Version          ; 11.1 Build 259 01/25/2012 SP 2 SJ Web Edition ;
; Revision Name                      ; 2DWPU                                         ;
; Top-level Entity Name              ; WPU_2DWPU_Test                                ;
; Family                             ; Cyclone IV E                                  ;
; Device                             ; EP4CE115F29C7                                 ;
; Timing Models                      ; Final                                         ;
; Total logic elements               ; 102,358                                       ;
;     Total combinational functions  ; 100,516                                       ;
;     Dedicated logic registers      ; 10,813                                        ;
; Total registers                    ; 10813                                         ;
; Total pins                         ; 177                                           ;
; Total virtual pins                 ; 0                                             ;
; Total memory bits                  ; 2,979,840                                     ;
; Embedded Multiplier 9-bit elements ; 60                                            ;
; Total PLLs                         ; 2                                             ;
+------------------------------------+-----------------------------------------------+


+-----------------------------------------+
; Flow Settings                           ;
+-------------------+---------------------+
; Option            ; Setting             ;
+-------------------+---------------------+
; Start date & time ; 10/19/2012 16:05:59 ;
; Main task         ; Compilation         ;
; Revision Name     ; 2DWPU               ;
+-------------------+---------------------+


+---------------------------------------------------------------------------------------------------------------------------------------------------------------------------+
; Flow Non-Default Global Settings                                                                                                                                          ;
+-------------------------------------+---------------------------------------------------------------------------------+---------------+------------------+----------------+
; Assignment Name                     ; Value                                                                           ; Default Value ; Entity Name      ; Section Id     ;
+-------------------------------------+---------------------------------------------------------------------------------+---------------+------------------+----------------+
; ADV_NETLIST_OPT_SYNTH_WYSIWYG_REMAP ; On                                                                              ; Off           ; --               ; --             ;
; COMPILER_SIGNATURE_ID               ; 143522108839.135065555806836                                                    ; --            ; --               ; --             ;
; CYCLONEII_OPTIMIZATION_TECHNIQUE    ; Speed                                                                           ; Balanced      ; --               ; --             ;
; EDA_OUTPUT_DATA_FORMAT              ; Vhdl                                                                            ; --            ; --               ; eda_simulation ;
; EDA_SIMULATION_TOOL                 ; ModelSim-Altera (VHDL)                                                          ; <None>        ; --               ; --             ;
; ENABLE_SIGNALTAP                    ; On                                                                              ; --            ; --               ; --             ;
; IP_TOOL_NAME                        ; RAM: 1-PORT                                                                     ; --            ; --               ; --             ;
; IP_TOOL_NAME                        ; ROM: 2-PORT                                                                     ; --            ; --               ; --             ;
; IP_TOOL_NAME                        ; RAM: 1-PORT                                                                     ; --            ; --               ; --             ;
; IP_TOOL_NAME                        ; RAM: 2-PORT                                                                     ; --            ; --               ; --             ;
; IP_TOOL_NAME                        ; ALTPLL                                                                          ; --            ; --               ; --             ;
; IP_TOOL_NAME                        ; RAM: 2-PORT                                                                     ; --            ; --               ; --             ;
; IP_TOOL_NAME                        ; ALTSQRT                                                                         ; --            ; --               ; --             ;
; IP_TOOL_NAME                        ; ALTPLL                                                                          ; --            ; --               ; --             ;
; IP_TOOL_VERSION                     ; 11.1                                                                            ; --            ; --               ; --             ;
; IP_TOOL_VERSION                     ; 11.1                                                                            ; --            ; --               ; --             ;
; IP_TOOL_VERSION                     ; 11.1                                                                            ; --            ; --               ; --             ;
; IP_TOOL_VERSION                     ; 11.1                                                                            ; --            ; --               ; --             ;
; IP_TOOL_VERSION                     ; 11.1                                                                            ; --            ; --               ; --             ;
; IP_TOOL_VERSION                     ; 11.1                                                                            ; --            ; --               ; --             ;
; IP_TOOL_VERSION                     ; 11.1                                                                            ; --            ; --               ; --             ;
; IP_TOOL_VERSION                     ; 11.1                                                                            ; --            ; --               ; --             ;
; MAX_CORE_JUNCTION_TEMP              ; 85                                                                              ; --            ; --               ; --             ;
; MIN_CORE_JUNCTION_TEMP              ; 0                                                                               ; --            ; --               ; --             ;
; MISC_FILE                           ; D:/Frooxius/Projects/Software/Applications/WPU Series/2D WPU/src/FPGA/2DWPU.dpf ; --            ; --               ; --             ;
; MISC_FILE                           ; InstrStack_RAM.bsf                                                              ; --            ; --               ; --             ;
; MISC_FILE                           ; InstrStack_RAM_inst.vhd                                                         ; --            ; --               ; --             ;
; MISC_FILE                           ; InstrStack_RAM.inc                                                              ; --            ; --               ; --             ;
; MISC_FILE                           ; InstrStack_RAM.cmp                                                              ; --            ; --               ; --             ;
; MISC_FILE                           ; ProgramROM.bsf                                                                  ; --            ; --               ; --             ;
; MISC_FILE                           ; ProgramROM_inst.vhd                                                             ; --            ; --               ; --             ;
; MISC_FILE                           ; ProgramROM.inc                                                                  ; --            ; --               ; --             ;
; MISC_FILE                           ; ProgramROM.cmp                                                                  ; --            ; --               ; --             ;
; MISC_FILE                           ; ArgStack_RAM.bsf                                                                ; --            ; --               ; --             ;
; MISC_FILE                           ; ArgStack_RAM_inst.vhd                                                           ; --            ; --               ; --             ;
; MISC_FILE                           ; ArgStack_RAM.inc                                                                ; --            ; --               ; --             ;
; MISC_FILE                           ; ArgStack_RAM.cmp                                                                ; --            ; --               ; --             ;
; MISC_FILE                           ; DataRAM.bsf                                                                     ; --            ; --               ; --             ;
; MISC_FILE                           ; DataRAM_inst.vhd                                                                ; --            ; --               ; --             ;
; MISC_FILE                           ; DataRAM.inc                                                                     ; --            ; --               ; --             ;
; MISC_FILE                           ; DataRAM.cmp                                                                     ; --            ; --               ; --             ;
; MISC_FILE                           ; PLL.bsf                                                                         ; --            ; --               ; --             ;
; MISC_FILE                           ; PLL_inst.vhd                                                                    ; --            ; --               ; --             ;
; MISC_FILE                           ; PLL.inc                                                                         ; --            ; --               ; --             ;
; MISC_FILE                           ; PLL.cmp                                                                         ; --            ; --               ; --             ;
; MISC_FILE                           ; PLL.ppf                                                                         ; --            ; --               ; --             ;
; MISC_FILE                           ; VideoMem111.bsf                                                                 ; --            ; --               ; --             ;
; MISC_FILE                           ; VideoMem111_inst.vhd                                                            ; --            ; --               ; --             ;
; MISC_FILE                           ; VideoMem111.inc                                                                 ; --            ; --               ; --             ;
; MISC_FILE                           ; VideoMem111.cmp                                                                 ; --            ; --               ; --             ;
; MISC_FILE                           ; INT_SQRT.bsf                                                                    ; --            ; --               ; --             ;
; MISC_FILE                           ; INT_SQRT_inst.vhd                                                               ; --            ; --               ; --             ;
; MISC_FILE                           ; INT_SQRT.inc                                                                    ; --            ; --               ; --             ;
; MISC_FILE                           ; INT_SQRT.cmp                                                                    ; --            ; --               ; --             ;
; MISC_FILE                           ; PLL40Mhz.bsf                                                                    ; --            ; --               ; --             ;
; MISC_FILE                           ; PLL40Mhz_inst.vhd                                                               ; --            ; --               ; --             ;
; MISC_FILE                           ; PLL40Mhz.inc                                                                    ; --            ; --               ; --             ;
; MISC_FILE                           ; PLL40Mhz.cmp                                                                    ; --            ; --               ; --             ;
; MISC_FILE                           ; PLL40Mhz.ppf                                                                    ; --            ; --               ; --             ;
; NOMINAL_CORE_SUPPLY_VOLTAGE         ; 1.2V                                                                            ; --            ; --               ; --             ;
; OPTIMIZE_MULTI_CORNER_TIMING        ; On                                                                              ; Off           ; --               ; --             ;
; PARTITION_COLOR                     ; 16764057                                                                        ; --            ; DE2_115_LTM_TEST ; Top            ;
; PARTITION_COLOR                     ; 16764057                                                                        ; --            ; WPU_2DWPU_test   ; Top            ;
; PARTITION_FITTER_PRESERVATION_LEVEL ; PLACEMENT_AND_ROUTING                                                           ; --            ; DE2_115_LTM_TEST ; Top            ;
; PARTITION_FITTER_PRESERVATION_LEVEL ; PLACEMENT_AND_ROUTING                                                           ; --            ; WPU_2DWPU_test   ; Top            ;
; PARTITION_NETLIST_TYPE              ; SOURCE                                                                          ; --            ; DE2_115_LTM_TEST ; Top            ;
; PARTITION_NETLIST_TYPE              ; SOURCE                                                                          ; --            ; WPU_2DWPU_test   ; Top            ;
; POWER_BOARD_THERMAL_MODEL           ; None (CONSERVATIVE)                                                             ; --            ; --               ; --             ;
; POWER_PRESET_COOLING_SOLUTION       ; 23 MM HEAT SINK WITH 200 LFPM AIRFLOW                                           ; --            ; --               ; --             ;
; REMOVE_REDUNDANT_LOGIC_CELLS        ; On                                                                              ; Off           ; --               ; --             ;
; SMART_RECOMPILE                     ; On                                                                              ; Off           ; --               ; --             ;
; TOP_LEVEL_ENTITY                    ; WPU_2DWPU_test                                                                  ; 2DWPU         ; --               ; --             ;
; USE_SIGNALTAP_FILE                  ; stp2.stp                                                                        ; --            ; --               ; --             ;
; VHDL_SHOW_LMF_MAPPING_MESSAGES      ; Off                                                                             ; --            ; --               ; --             ;
+-------------------------------------+---------------------------------------------------------------------------------+---------------+------------------+----------------+


+--------------------------------------------------------------------------------------------------------------------------+
; Flow Elapsed Time                                                                                                        ;
+----------------------+--------------+-------------------------+---------------------+------------------------------------+
; Module Name          ; Elapsed Time ; Average Processors Used ; Peak Virtual Memory ; Total CPU Time (on all processors) ;
+----------------------+--------------+-------------------------+---------------------+------------------------------------+
; Analysis & Synthesis ; 00:16:50     ; 1.0                     ; 808 MB              ; 00:16:38                           ;
; Total                ; 00:16:50     ; --                      ; --                  ; 00:16:38                           ;
+----------------------+--------------+-------------------------+---------------------+------------------------------------+


+-----------------------------------------------------------------------------------+
; Flow OS Summary                                                                   ;
+----------------------+------------------+-----------+------------+----------------+
; Module Name          ; Machine Hostname ; OS Name   ; OS Version ; Processor type ;
+----------------------+------------------+-----------+------------+----------------+
; Analysis & Synthesis ; FrooxTabletPC    ; Windows 7 ; 6.1        ; x86_64         ;
+----------------------+------------------+-----------+------------+----------------+


------------
; Flow Log ;
------------
quartus_map --read_settings_files=on --write_settings_files=off 2DWPU -c 2DWPU



